srun: job 170601 queued and waiting for resources
srun: job 170601 has been allocated resources
server02
Tue Jul  7 22:42:25 CST 2026
[G1-CLOSEFRONT-M0525-PREFINAL-BRAKE] case=prefinal_brake_tiny_late_f165 brake_x=-0.0015 delay=220 steps=80 final_box_target=1.65 suite_stamp=20260707_g1_closefront_mass0525_terminal_prefinal_brake_late_tiny_prefinal_brake_tiny_late_f165
[G1-CHESTPAD-SIDE-GUARD] case=prefinal_brake_tiny_late_f165 enable_mode=terminal half_spacing=0.12 suite_stamp=20260707_g1_closefront_mass0525_terminal_prefinal_brake_late_tiny_prefinal_brake_tiny_late_f165
[AGILE-SUITE] agile_low_cradle_freebox_walk kind=free_cradle steps=1000 backend=onnx
WARNING: All log messages before absl::InitializeLog() is called are written to STDERR
E0000 00:00:1783435369.555162 3836724 descriptor_database.cc:633] File already exists in database: grpc/health/v1/health.proto
W0000 00:00:1783435369.555222 3836724 message.cc:301] Protobuf GeneratedMessageFactory: File is already registered: grpc/health/v1/health.proto
[PROGRESS] AppLauncher started
Warp 1.13.0 initialized:
   CUDA Toolkit 12.9, Driver 13.0
   Devices:
     "cpu"      : "x86_64"
     "cuda:0"   : "NVIDIA H200" (140 GiB, sm_90, mempool enabled)
   Kernel cache:
     /public/home/yanhongru/.cache/warp/1.13.0
[PROGRESS] Core World and prim wrappers created
[PROGRESS] Core World reset completed
[PROGRESS] G1 and box wrappers initialized
[PROGRESS] G1 articulation initialized with 43 joints
[PROGRESS] Loading AGILE ONNX policy
[PROGRESS] AGILE ONNX policy loaded model=/public/home/yanhongru/Curiosity/external/WBC-AGILE/agile/data/policy/velocity_height_g1/unitree_g1_velocity_height_recurrent_student.onnx inputs=['obs', 'h_in', 'c_in'] outputs=['actions', 'h_out', 'c_out']
[STATE] step=0 robot=(-0.003,-0.000,0.783) box=(-0.185,-0.000,0.927) roll=0.0000 pitch=-0.0143 tilt=0.0143 fall=0 drop=0
[STATE] step=10 robot=(-0.023,-0.001,0.785) box=(-0.207,-0.001,0.927) roll=0.0004 pitch=-0.0337 tilt=0.0337 fall=0 drop=0
[STATE] step=20 robot=(-0.040,-0.001,0.786) box=(-0.226,-0.000,0.923) roll=0.0004 pitch=-0.0542 tilt=0.0542 fall=0 drop=0
[STATE] step=30 robot=(-0.055,-0.000,0.787) box=(-0.244,0.001,0.920) roll=-0.0000 pitch=-0.0730 tilt=0.0730 fall=0 drop=0
[STATE] step=40 robot=(-0.068,0.000,0.787) box=(-0.259,0.001,0.917) roll=-0.0010 pitch=-0.0826 tilt=0.0826 fall=0 drop=0
[STATE] step=50 robot=(-0.082,-0.002,0.785) box=(-0.276,0.003,0.918) roll=-0.0270 pitch=-0.0817 tilt=0.0817 fall=0 drop=0
[STATE] step=60 robot=(-0.096,-0.009,0.786) box=(-0.295,0.000,0.911) roll=-0.0545 pitch=-0.0958 tilt=0.0958 fall=0 drop=0
[STATE] step=70 robot=(-0.114,-0.011,0.775) box=(-0.314,0.001,0.905) roll=-0.0173 pitch=-0.0921 tilt=0.0921 fall=0 drop=0
[STATE] step=80 robot=(-0.131,-0.012,0.763) box=(-0.331,-0.008,0.895) roll=0.0378 pitch=-0.0815 tilt=0.0815 fall=0 drop=0
[STATE] step=90 robot=(-0.142,-0.010,0.776) box=(-0.345,-0.010,0.908) roll=0.0776 pitch=-0.0741 tilt=0.0776 fall=0 drop=0
[STATE] step=100 robot=(-0.152,-0.002,0.786) box=(-0.359,-0.009,0.919) roll=0.1482 pitch=-0.0963 tilt=0.1482 fall=0 drop=0
[STATE] step=110 robot=(-0.177,0.004,0.793) box=(-0.386,0.000,0.937) roll=0.1728 pitch=-0.1138 tilt=0.1728 fall=0 drop=0
[STATE] step=120 robot=(-0.184,0.008,0.786) box=(-0.396,0.011,0.914) roll=0.1638 pitch=-0.0921 tilt=0.1638 fall=0 drop=0
[STATE] step=130 robot=(-0.213,0.014,0.783) box=(-0.419,0.013,0.923) roll=0.1584 pitch=-0.1031 tilt=0.1584 fall=0 drop=0
[STATE] step=140 robot=(-0.231,0.020,0.782) box=(-0.446,0.012,0.915) roll=0.1080 pitch=-0.1055 tilt=0.1080 fall=0 drop=0
[STATE] step=150 robot=(-0.265,0.022,0.765) box=(-0.473,0.026,0.894) roll=0.0471 pitch=-0.0820 tilt=0.0820 fall=0 drop=0
[STATE] step=160 robot=(-0.287,0.021,0.771) box=(-0.497,0.026,0.903) roll=0.0444 pitch=-0.0680 tilt=0.0680 fall=0 drop=0
[STATE] step=170 robot=(-0.307,0.024,0.770) box=(-0.516,0.019,0.903) roll=0.0922 pitch=-0.0624 tilt=0.0922 fall=0 drop=0
[STATE] step=180 robot=(-0.327,0.033,0.795) box=(-0.545,0.013,0.922) roll=0.1311 pitch=-0.0666 tilt=0.1311 fall=0 drop=0
[STATE] step=190 robot=(-0.352,0.040,0.815) box=(-0.569,0.018,0.954) roll=0.1316 pitch=-0.0791 tilt=0.1316 fall=0 drop=0
[STATE] step=200 robot=(-0.382,0.045,0.810) box=(-0.590,0.025,0.954) roll=0.1271 pitch=-0.1008 tilt=0.1271 fall=0 drop=0
[STATE] step=210 robot=(-0.397,0.053,0.781) box=(-0.608,0.033,0.914) roll=0.1301 pitch=-0.0406 tilt=0.1301 fall=0 drop=0
[STATE] step=220 robot=(-0.431,0.064,0.781) box=(-0.636,0.047,0.921) roll=0.1160 pitch=-0.0374 tilt=0.1160 fall=0 drop=0
[STATE] step=230 robot=(-0.453,0.077,0.783) box=(-0.666,0.063,0.923) roll=0.0736 pitch=-0.0606 tilt=0.0736 fall=0 drop=0
[STATE] step=240 robot=(-0.485,0.087,0.770) box=(-0.694,0.080,0.912) roll=0.0283 pitch=-0.0381 tilt=0.0381 fall=0 drop=0
[STATE] step=250 robot=(-0.506,0.101,0.767) box=(-0.725,0.102,0.907) roll=0.0309 pitch=-0.0384 tilt=0.0384 fall=0 drop=0
[STATE] step=260 robot=(-0.522,0.101,0.778) box=(-0.737,0.104,0.923) roll=-0.0136 pitch=0.0007 tilt=0.0136 fall=0 drop=0
[STATE] step=270 robot=(-0.533,0.105,0.771) box=(-0.747,0.104,0.921) roll=-0.0505 pitch=-0.0065 tilt=0.0505 fall=0 drop=0
[STATE] step=280 robot=(-0.554,0.100,0.780) box=(-0.773,0.111,0.928) roll=-0.0688 pitch=0.0035 tilt=0.0688 fall=0 drop=0
[STATE] step=290 robot=(-0.573,0.094,0.796) box=(-0.800,0.110,0.939) roll=-0.0412 pitch=-0.0074 tilt=0.0412 fall=0 drop=0
[STATE] step=300 robot=(-0.593,0.089,0.794) box=(-0.825,0.104,0.933) roll=0.0062 pitch=0.0562 tilt=0.0562 fall=0 drop=0
[STATE] step=310 robot=(-0.622,0.082,0.773) box=(-0.851,0.103,0.927) roll=0.0077 pitch=0.0289 tilt=0.0289 fall=0 drop=0
[STATE] step=320 robot=(-0.638,0.069,0.769) box=(-0.868,0.095,0.913) roll=-0.0123 pitch=-0.0172 tilt=0.0172 fall=0 drop=0
[STATE] step=330 robot=(-0.657,0.064,0.777) box=(-0.891,0.088,0.922) roll=0.0295 pitch=0.0059 tilt=0.0295 fall=0 drop=0
[STATE] step=340 robot=(-0.676,0.058,0.777) box=(-0.908,0.073,0.937) roll=0.0747 pitch=-0.0329 tilt=0.0747 fall=0 drop=0
[STATE] step=350 robot=(-0.685,0.060,0.791) box=(-0.923,0.054,0.922) roll=0.1327 pitch=-0.0190 tilt=0.1327 fall=0 drop=0
[STATE] step=360 robot=(-0.708,0.062,0.799) box=(-0.947,0.045,0.949) roll=0.1689 pitch=-0.0578 tilt=0.1689 fall=0 drop=0
[STATE] step=370 robot=(-0.728,0.063,0.803) box=(-0.968,0.035,0.931) roll=0.1770 pitch=-0.0839 tilt=0.1770 fall=0 drop=0
[STATE] step=380 robot=(-0.761,0.066,0.806) box=(-0.994,0.044,0.948) roll=0.2032 pitch=-0.0315 tilt=0.2032 fall=0 drop=0
[STATE] step=390 robot=(-0.792,0.071,0.800) box=(-1.021,0.054,0.946) roll=0.2334 pitch=-0.1261 tilt=0.2334 fall=0 drop=0
[STATE] step=400 robot=(-0.807,0.073,0.821) box=(-1.048,0.058,0.934) roll=0.1696 pitch=-0.1219 tilt=0.1696 fall=0 drop=0
[STATE] step=410 robot=(-0.851,0.072,0.824) box=(-1.083,0.082,0.961) roll=0.0935 pitch=-0.0385 tilt=0.0935 fall=0 drop=0
[STATE] step=420 robot=(-0.896,0.073,0.803) box=(-1.117,0.081,0.969) roll=0.0431 pitch=-0.1755 tilt=0.1755 fall=0 drop=0
[STATE] step=430 robot=(-0.907,0.081,0.760) box=(-1.134,0.073,0.891) roll=-0.0225 pitch=-0.0811 tilt=0.0811 fall=0 drop=0
[STATE] step=440 robot=(-0.930,0.080,0.748) box=(-1.164,0.074,0.855) roll=-0.0526 pitch=-0.0242 tilt=0.0526 fall=0 drop=0
[STATE] step=450 robot=(-0.977,0.062,0.772) box=(-1.206,0.059,0.910) roll=-0.0713 pitch=-0.0721 tilt=0.0721 fall=0 drop=0
[STATE] step=460 robot=(-1.008,0.052,0.789) box=(-1.234,0.042,0.935) roll=-0.0442 pitch=-0.0313 tilt=0.0442 fall=0 drop=0
[STATE] step=470 robot=(-1.033,0.037,0.780) box=(-1.256,0.029,0.920) roll=-0.0550 pitch=-0.0526 tilt=0.0550 fall=0 drop=0
[STATE] step=480 robot=(-1.051,0.015,0.776) box=(-1.276,0.009,0.903) roll=-0.0411 pitch=-0.0599 tilt=0.0599 fall=0 drop=0
[STATE] step=490 robot=(-1.070,0.004,0.789) box=(-1.288,-0.030,0.940) roll=0.0463 pitch=-0.0244 tilt=0.0463 fall=0 drop=0
[STATE] step=500 robot=(-1.094,-0.019,0.783) box=(-1.295,-0.053,0.956) roll=0.1047 pitch=0.0713 tilt=0.1047 fall=0 drop=0
[STATE] step=510 robot=(-1.128,-0.048,0.777) box=(-1.307,-0.085,0.959) roll=0.1370 pitch=0.0789 tilt=0.1370 fall=0 drop=0
[STATE] step=520 robot=(-1.150,-0.075,0.784) box=(-1.330,-0.145,0.968) roll=0.1390 pitch=-0.0628 tilt=0.1390 fall=0 drop=0
[STATE] step=530 robot=(-1.156,-0.084,0.798) box=(-1.351,-0.179,0.928) roll=0.1213 pitch=-0.0001 tilt=0.1213 fall=0 drop=0
[STATE] step=540 robot=(-1.187,-0.107,0.805) box=(-1.380,-0.202,0.941) roll=0.0622 pitch=0.0017 tilt=0.0622 fall=0 drop=0
[STATE] step=550 robot=(-1.224,-0.135,0.792) box=(-1.411,-0.227,0.952) roll=0.0212 pitch=-0.0715 tilt=0.0715 fall=0 drop=0
[STATE] step=560 robot=(-1.237,-0.147,0.795) box=(-1.431,-0.256,0.923) roll=0.0394 pitch=-0.0510 tilt=0.0510 fall=0 drop=0
[STATE] step=570 robot=(-1.266,-0.167,0.783) box=(-1.458,-0.279,0.920) roll=0.0674 pitch=-0.0502 tilt=0.0674 fall=0 drop=0
[STATE] step=580 robot=(-1.292,-0.188,0.779) box=(-1.488,-0.305,0.925) roll=0.0491 pitch=-0.0583 tilt=0.0583 fall=0 drop=0
[STATE] step=590 robot=(-1.311,-0.206,0.777) box=(-1.513,-0.320,0.898) roll=0.0464 pitch=-0.0599 tilt=0.0599 fall=0 drop=0
[STATE] step=600 robot=(-1.347,-0.244,0.781) box=(-1.539,-0.361,0.934) roll=0.0421 pitch=-0.0926 tilt=0.0926 fall=0 drop=0
[STATE] step=610 robot=(-1.362,-0.271,0.773) box=(-1.555,-0.398,0.913) roll=0.0403 pitch=-0.0788 tilt=0.0788 fall=0 drop=0
[STATE] step=620 robot=(-1.378,-0.303,0.777) box=(-1.563,-0.447,0.899) roll=0.0540 pitch=-0.0104 tilt=0.0540 fall=0 drop=0
[STATE] step=630 robot=(-1.404,-0.357,0.762) box=(-1.571,-0.512,0.925) roll=0.0250 pitch=-0.0445 tilt=0.0445 fall=0 drop=0
[STATE] step=640 robot=(-1.420,-0.388,0.734) box=(-1.569,-0.561,0.875) roll=0.0520 pitch=-0.0271 tilt=0.0520 fall=0 drop=0
[STATE] step=650 robot=(-1.449,-0.406,0.746) box=(-1.600,-0.592,0.869) roll=0.0490 pitch=-0.0241 tilt=0.0490 fall=0 drop=0
[STATE] step=660 robot=(-1.472,-0.443,0.771) box=(-1.641,-0.614,0.906) roll=-0.0436 pitch=-0.0119 tilt=0.0436 fall=0 drop=0
[STATE] step=670 robot=(-1.486,-0.489,0.783) box=(-1.673,-0.631,0.926) roll=-0.1121 pitch=-0.0520 tilt=0.1121 fall=0 drop=0
[STATE] step=680 robot=(-1.511,-0.517,0.786) box=(-1.714,-0.633,0.929) roll=-0.1404 pitch=-0.0054 tilt=0.1404 fall=0 drop=0
[STATE] step=690 robot=(-1.560,-0.541,0.789) box=(-1.761,-0.632,0.961) roll=0.0043 pitch=0.0236 tilt=0.0236 fall=0 drop=0
[STATE] step=700 robot=(-1.594,-0.560,0.791) box=(-1.799,-0.633,0.970) roll=0.0106 pitch=0.0066 tilt=0.0106 fall=0 drop=0
[STATE] step=710 robot=(-1.613,-0.591,0.793) box=(-1.835,-0.627,0.938) roll=0.0818 pitch=-0.0137 tilt=0.0818 fall=0 drop=0
[STATE] step=720 robot=(-1.641,-0.620,0.770) box=(-1.873,-0.649,0.904) roll=0.0497 pitch=-0.0343 tilt=0.0497 fall=0 drop=0
[STATE] step=730 robot=(-1.675,-0.637,0.739) box=(-1.907,-0.690,0.867) roll=0.0723 pitch=-0.0866 tilt=0.0866 fall=0 drop=0
[STATE] step=740 robot=(-1.704,-0.635,0.767) box=(-1.943,-0.686,0.884) roll=0.0635 pitch=-0.1320 tilt=0.1320 fall=0 drop=0
[STATE] step=750 robot=(-1.718,-0.648,0.817) box=(-1.968,-0.667,0.913) roll=0.0741 pitch=-0.0087 tilt=0.0741 fall=0 drop=0
[STATE] step=760 robot=(-1.756,-0.653,0.836) box=(-1.997,-0.620,0.962) roll=0.0446 pitch=-0.1087 tilt=0.1087 fall=0 drop=0
[STATE] step=770 robot=(-1.798,-0.666,0.823) box=(-2.020,-0.603,0.978) roll=-0.0357 pitch=0.0030 tilt=0.0357 fall=0 drop=0
[STATE] step=780 robot=(-1.832,-0.679,0.791) box=(-2.039,-0.590,0.954) roll=-0.1147 pitch=0.0256 tilt=0.1147 fall=0 drop=0
[STATE] step=790 robot=(-1.861,-0.687,0.778) box=(-2.055,-0.577,0.928) roll=-0.1028 pitch=0.0338 tilt=0.1028 fall=0 drop=0
[STATE] step=800 robot=(-1.886,-0.694,0.794) box=(-2.077,-0.577,0.944) roll=-0.0419 pitch=0.0259 tilt=0.0419 fall=0 drop=0
[STATE] step=810 robot=(-1.912,-0.697,0.817) box=(-2.104,-0.584,0.972) roll=0.0362 pitch=0.0341 tilt=0.0362 fall=0 drop=0
[STATE] step=820 robot=(-1.939,-0.701,0.816) box=(-2.132,-0.589,0.977) roll=0.1003 pitch=0.0464 tilt=0.1003 fall=0 drop=0
[STATE] step=830 robot=(-1.963,-0.711,0.807) box=(-2.154,-0.594,0.959) roll=0.1409 pitch=0.0420 tilt=0.1409 fall=0 drop=0
[STATE] step=840 robot=(-1.983,-0.723,0.810) box=(-2.170,-0.597,0.960) roll=0.1754 pitch=0.0271 tilt=0.1754 fall=0 drop=0
[STATE] step=850 robot=(-2.002,-0.736,0.803) box=(-2.188,-0.604,0.949) roll=0.2012 pitch=0.0042 tilt=0.2012 fall=0 drop=0
[STATE] step=860 robot=(-2.019,-0.750,0.802) box=(-2.211,-0.614,0.932) roll=0.2261 pitch=-0.0508 tilt=0.2261 fall=0 drop=0
[STATE] step=870 robot=(-2.039,-0.757,0.802) box=(-2.230,-0.616,0.929) roll=0.2508 pitch=-0.0593 tilt=0.2508 fall=0 drop=0
[STATE] step=880 robot=(-2.067,-0.759,0.795) box=(-2.248,-0.616,0.930) roll=0.2578 pitch=-0.0520 tilt=0.2578 fall=0 drop=0
[STATE] step=890 robot=(-2.083,-0.765,0.765) box=(-2.270,-0.620,0.893) roll=0.2920 pitch=-0.1352 tilt=0.2920 fall=0 drop=0
[STATE] step=900 robot=(-2.082,-0.775,0.759) box=(-2.293,-0.632,0.837) roll=0.2733 pitch=-0.2959 tilt=0.2959 fall=0 drop=0
[STATE] step=910 robot=(-2.075,-0.810,0.786) box=(-2.293,-0.649,0.802) roll=0.1954 pitch=-0.3950 tilt=0.3950 fall=0 drop=0
[STATE] step=920 robot=(-2.084,-0.839,0.811) box=(-2.278,-0.666,0.840) roll=0.2021 pitch=-0.1108 tilt=0.2021 fall=0 drop=0
[STATE] step=930 robot=(-2.111,-0.836,0.797) box=(-2.296,-0.664,0.912) roll=0.1996 pitch=-0.1430 tilt=0.1996 fall=0 drop=0
[STATE] step=940 robot=(-2.127,-0.846,0.763) box=(-2.297,-0.688,0.921) roll=0.1639 pitch=-0.1484 tilt=0.1639 fall=0 drop=0
[STATE] step=950 robot=(-2.125,-0.881,0.732) box=(-2.278,-0.714,0.868) roll=0.1258 pitch=-0.0545 tilt=0.1258 fall=0 drop=0
[STATE] step=960 robot=(-2.123,-0.911,0.764) box=(-2.271,-0.744,0.902) roll=0.1560 pitch=0.0172 tilt=0.1560 fall=0 drop=0
[STATE] step=970 robot=(-2.125,-0.926,0.802) box=(-2.280,-0.770,0.969) roll=0.2732 pitch=-0.0902 tilt=0.2732 fall=0 drop=0
[STATE] step=980 robot=(-2.116,-0.976,0.827) box=(-2.275,-0.819,0.973) roll=0.2913 pitch=0.0004 tilt=0.2913 fall=0 drop=0
[STATE] step=990 robot=(-2.110,-1.043,0.818) box=(-2.252,-0.886,0.979) roll=0.1575 pitch=0.0507 tilt=0.1575 fall=0 drop=0
[STATE] step=999 robot=(-2.091,-1.081,0.782) box=(-2.184,-0.913,0.953) roll=0.0293 pitch=0.2369 tilt=0.2369 fall=0 drop=0
[INFO] Summary written to: /public/home/yanhongru/Curiosity/experiments/outputs/core_world_g1_agile_policy_low_cradle/20260707_g1_closefront_mass0525_terminal_prefinal_brake_late_tiny_prefinal_brake_tiny_late_f165/agile_low_cradle_freebox_walk/core_world_g1_box_scene_summary.json
[INFO] Metrics written to: /public/home/yanhongru/Curiosity/experiments/outputs/core_world_g1_agile_policy_low_cradle/20260707_g1_closefront_mass0525_terminal_prefinal_brake_late_tiny_prefinal_brake_tiny_late_f165/agile_low_cradle_freebox_walk/core_world_g1_box_scene_state.csv
Loading user config located at: '/public/home/yanhongru/envs/isaac_arena_py312/lib/python3.12/site-packages/isaacsim/kit/data/Kit/IsaacLab/3.0/user.config.json'
2026-07-07T14:42:43Z [0ms] [Warning] [omni.ext.plugin] [ext: isaaclab_visualizers] Extensions config 'extension.toml' doesn't exist '/public/home/yanhongru/Curiosity/external/IsaacLab-Arena/submodules/IsaacLab/source/isaaclab_visualizers' or '/public/home/yanhongru/Curiosity/external/IsaacLab-Arena/submodules/IsaacLab/source/isaaclab_visualizers/config'
2026-07-07T14:42:50Z [6,981ms] [Warning] [omni.perfmonitor.plugin]  PerfMonitorManager::onStart - error calling pthread_setaffinity_np
2026-07-07T14:42:50Z [7,064ms] [Warning] [omni.platforminfo.plugin] failed to open the default display.  Can't verify X Server version.
2026-07-07T14:42:50Z [7,475ms] [Warning] [omni.usd_config.extension] Enable omni.materialx.libs extension to use MaterialX
2026-07-07T14:42:58Z [15,753ms] [Warning] [usdrt.population.plugin] Last global time was not created. Did you call setEnableUsdNoticeHandling?
2026-07-07T14:42:58Z [15,771ms] [Warning] [omni.usd] Encountered USD Warnings but USD Diagnostics are currently muted. To view USD Warnings, please set the '/persistent/app/usd/muteUsdDiagnostics' setting to false in Preferences page.
{
  "active_grasp_body_path": null,
  "agile_command_hold_active": true,
  "agile_command_hold_active_steps": 896,
  "agile_command_hold_adaptive_active_steps": 896,
  "agile_command_hold_adaptive_box_tilt_enabled": true,
  "agile_command_hold_adaptive_box_tilt_rate_start": 2.0,
  "agile_command_hold_adaptive_box_tilt_rate_stop": 7.0,
  "agile_command_hold_adaptive_box_tilt_start": 0.12,
  "agile_command_hold_adaptive_box_tilt_stop": 0.35,
  "agile_command_hold_adaptive_first_active_step": 104,
  "agile_command_hold_adaptive_last_risk": 0.5583338538997682,
  "agile_command_hold_adaptive_max_observed_scale": 0.3498616654141592,
  "agile_command_hold_adaptive_max_scale": 0.35,
  "agile_command_hold_adaptive_min_observed_scale": 0.10000966328804786,
  "agile_command_hold_adaptive_min_scale": 0.1,
  "agile_command_hold_adaptive_rate_start": 2.0,
  "agile_command_hold_adaptive_rate_stop": 7.0,
  "agile_command_hold_adaptive_rel_start": 0.1,
  "agile_command_hold_adaptive_rel_stop": 0.26,
  "agile_command_hold_adaptive_scale_enabled": true,
  "agile_command_hold_adaptive_scale_smoothing": 0.25,
  "agile_command_hold_adaptive_tilt_start": 0.14,
  "agile_command_hold_adaptive_tilt_stop": 0.35,
  "agile_command_hold_applied_rescue_joint_targets": {},
  "agile_command_hold_applied_stand_joint_targets": {},
  "agile_command_hold_final_active_steps": 289,
  "agile_command_hold_final_box_drop_events": 0,
  "agile_command_hold_final_box_target_travel_m": 1.65,
  "agile_command_hold_final_brake_active_steps": 0,
  "agile_command_hold_final_brake_command_x": 0.0,
  "agile_command_hold_final_brake_delay_steps": 0,
  "agile_command_hold_final_brake_first_active_step": null,
  "agile_command_hold_final_brake_last_active_step": null,
  "agile_command_hold_final_brake_max_abs_command_x": 0.0,
  "agile_command_hold_final_brake_steps": 0,
  "agile_command_hold_final_fall_events": 0,
  "agile_command_hold_final_first_active_step": 711,
  "agile_command_hold_final_first_box_drop_step": null,
  "agile_command_hold_final_first_fall_step": null,
  "agile_command_hold_final_freeze_active_steps": 0,
  "agile_command_hold_final_freeze_first_active_step": null,
  "agile_command_hold_final_freeze_in_target_window": false,
  "agile_command_hold_final_freeze_latched": false,
  "agile_command_hold_final_freeze_latched_step": null,
  "agile_command_hold_final_freeze_max_box_tilt_rad": 0.35,
  "agile_command_hold_final_freeze_max_tilt_rad": 0.25,
  "agile_command_hold_final_last_command_xyz_yaw": [
    0.0,
    0.0,
    0.0
  ],
  "agile_command_hold_final_last_policy_state_reset_error": null,
  "agile_command_hold_final_last_reason": "box_target_travel",
  "agile_command_hold_final_latch_enabled": true,
  "agile_command_hold_final_latched": true,
  "agile_command_hold_final_latched_step": 711,
  "agile_command_hold_final_lateral_suppressed_steps": 289,
  "agile_command_hold_final_max_abs_command_x": 0.0,
  "agile_command_hold_final_max_abs_command_y": 0.0,
  "agile_command_hold_final_max_abs_command_yaw": 0.0,
  "agile_command_hold_final_max_box_tilt_rad": 0.5369554664342774,
  "agile_command_hold_final_max_tilt_rad": 0.4083981093843208,
  "agile_command_hold_final_min_box_z_m": 0.8015822768211365,
  "agile_command_hold_final_min_robot_z_m": 0.7317838668823242,
  "agile_command_hold_final_policy_state_reset_count": 0,
  "agile_command_hold_final_reset_policy_state": false,
  "agile_command_hold_final_scale": 0.0,
  "agile_command_hold_final_stand_active_steps": 0,
  "agile_command_hold_final_stand_box_drop_events": 0,
  "agile_command_hold_final_stand_delay_steps": 0,
  "agile_command_hold_final_stand_enabled": false,
  "agile_command_hold_final_stand_fall_events": 0,
  "agile_command_hold_final_stand_first_active_step": null,
  "agile_command_hold_final_stand_first_box_drop_step": null,
  "agile_command_hold_final_stand_first_fall_step": null,
  "agile_command_hold_final_stand_max_box_tilt_rad": 0.0,
  "agile_command_hold_final_stand_max_tilt_rad": 0.0,
  "agile_command_hold_final_stand_min_box_z_m": null,
  "agile_command_hold_final_stand_min_robot_z_m": null,
  "agile_command_hold_final_yaw_suppressed_steps": 289,
  "agile_command_hold_final_zero_corrections_enabled": true,
  "agile_command_hold_first_active_step": 104,
  "agile_command_hold_first_reason": "box_target_travel",
  "agile_command_hold_last_policy_state_reset_error": null,
  "agile_command_hold_lateral_active_steps": 607,
  "agile_command_hold_lateral_correction_enabled": true,
  "agile_command_hold_lateral_error_start_m": 0.0,
  "agile_command_hold_lateral_first_active_step": 104,
  "agile_command_hold_lateral_gain": 0.08,
  "agile_command_hold_lateral_last_error_m": 0.5882122646694176,
  "agile_command_hold_lateral_limit": 0.035,
  "agile_command_hold_lateral_max_abs_command": 0.035,
  "agile_command_hold_lateral_max_box_tilt_rad": 999.0,
  "agile_command_hold_lateral_max_tilt_rad": 999.0,
  "agile_command_hold_lateral_sign": 1.0,
  "agile_command_hold_lateral_suppressed_by_tilt_steps": 0,
  "agile_command_hold_lateral_terminal_only": false,
  "agile_command_hold_lateral_use_excess_error": false,
  "agile_command_hold_mode": "policy_command",
  "agile_command_hold_policy_state_reset_count": 0,
  "agile_command_hold_policy_then_stand_delay_steps": 80,
  "agile_command_hold_rescue_abs_roll_threshold_rad": 999.0,
  "agile_command_hold_rescue_active": false,
  "agile_command_hold_rescue_active_steps": 0,
  "agile_command_hold_rescue_blend_rate": 0.04,
  "agile_command_hold_rescue_enabled": false,
  "agile_command_hold_rescue_first_active_step": null,
  "agile_command_hold_rescue_first_reason": null,
  "agile_command_hold_rescue_forward_pitch_threshold_rad": -999.0,
  "agile_command_hold_rescue_override_freeze_active_steps": 0,
  "agile_command_hold_rescue_override_freeze_first_active_step": null,
  "agile_command_hold_rescue_overrides_final_freeze": false,
  "agile_command_hold_rescue_target_overrides": {
    "ankle_pitch": null,
    "ankle_roll": null,
    "hip_pitch": null,
    "hip_roll": null,
    "knee": null,
    "waist_pitch": null
  },
  "agile_command_hold_reset_policy_state": false,
  "agile_command_hold_scale": 0.35,
  "agile_command_hold_stand_blend_rate": 0.04,
  "agile_command_hold_stand_override_freeze_active_steps": 0,
  "agile_command_hold_stand_override_freeze_first_active_step": null,
  "agile_command_hold_stand_overrides_final_freeze": false,
  "agile_command_hold_stand_target_active_steps": 0,
  "agile_command_hold_stand_target_overrides": {
    "ankle_pitch": null,
    "ankle_roll": null,
    "hip_pitch": null,
    "hip_roll": null,
    "knee": null,
    "waist_pitch": null
  },
  "agile_command_hold_terminal_active_steps": 539,
  "agile_command_hold_terminal_box_target_travel_m": 1.05,
  "agile_command_hold_terminal_first_active_step": 461,
  "agile_command_hold_terminal_last_reason": "box_target_travel",
  "agile_command_hold_terminal_latch_enabled": true,
  "agile_command_hold_terminal_latched": true,
  "agile_command_hold_terminal_latched_step": 461,
  "agile_command_hold_terminal_scale": 0.015,
  "agile_command_hold_yaw_active_steps": 607,
  "agile_command_hold_yaw_correction_enabled": true,
  "agile_command_hold_yaw_first_active_step": 104,
  "agile_command_hold_yaw_gain": 0.04,
  "agile_command_hold_yaw_last_error_m": 0.5882122646694176,
  "agile_command_hold_yaw_limit": 0.08,
  "agile_command_hold_yaw_max_abs_command": 0.023528490586776703,
  "agile_command_hold_yaw_sign": -1.0,
  "agile_command_stop_box_target_travel_m": 0.18,
  "agile_command_stop_robot_target_travel_m": -1.0,
  "agile_command_stop_step": -1,
  "agile_command_stop_target_window_enabled": false,
  "agile_command_stop_target_window_latched_step": null,
  "agile_command_stop_target_window_min_step": -1,
  "agile_last_command_xyz_yaw": [
    0.0,
    0.0,
    0.0
  ],
  "agile_last_root_ang_vel_read_error": null,
  "agile_root_ang_vel_read_failures": 0,
  "agile_root_ang_vel_source": "core_api_get_angular_velocity_rotated_to_body",
  "applied_stand_drive_gain_count": 29,
  "attach_box": "none",
  "balance_adjustment_limit": 0.08,
  "balance_feedback_active_steps": 896,
  "balance_feedback_base": "command",
  "balance_feedback_controller_enabled": true,
  "balance_feedback_first_active_step": 104,
  "balance_pitch_activation_threshold": 0.05,
  "balance_pitch_gain": 0.1,
  "balance_pitch_rate_activation_threshold": 0.2,
  "balance_pitch_rate_gain": 0.006,
  "balance_pitch_sign": 1.0,
  "balance_pitch_target": 0.0,
  "balance_roll_activation_threshold": 0.05,
  "balance_roll_gain": 0.06,
  "balance_roll_left_ankle_scale": 1.0,
  "balance_roll_left_hip_scale": -0.5,
  "balance_roll_rate_activation_threshold": 0.2,
  "balance_roll_rate_gain": 0.003,
  "balance_roll_right_ankle_scale": -1.0,
  "balance_roll_right_hip_scale": 0.5,
  "balance_roll_sign": -1.0,
  "balance_roll_target": 0.0,
  "balance_start_on_agile_hold": true,
  "balance_start_step": 0,
  "balance_target_active_steps": 1000,
  "balance_target_end_step": -1,
  "balance_target_first_active_step": 0,
  "balance_target_pulse_period_steps": 0,
  "balance_target_pulse_phase_step": 0,
  "balance_target_pulse_width_steps": 0,
  "balance_target_start_step": 0,
  "box_collision_enabled": true,
  "box_drop_events": 0,
  "box_pose_write_count_rollout": 0,
  "box_support_actual_release_step": null,
  "box_support_mode": "none",
  "box_support_released": false,
  "carry_box_spawned": true,
  "completed_steps": 1000,
  "cradle_chest_pad_collision_enabled_initial": false,
  "cradle_chest_pad_collision_enabled_step": 104,
  "cradle_chest_pad_collision_update_count": 1,
  "cradle_chest_pad_collision_update_error": null,
  "cradle_chest_pad_enable_on_hold": true,
  "cradle_chest_pad_enabled": true,
  "cradle_chest_pad_local_pos0_m": [
    -0.02,
    0.0,
    0.1
  ],
  "cradle_chest_pad_size_m": [
    0.04,
    0.38,
    0.22
  ],
  "cradle_collision_enabled": true,
  "cradle_piece_count": 7,
  "cradle_top_lid_collision_enabled_initial": false,
  "cradle_top_lid_collision_enabled_step": 104,
  "cradle_top_lid_collision_update_count": 1,
  "cradle_top_lid_collision_update_error": null,
  "cradle_top_lid_enable_on_hold": true,
  "cradle_top_lid_enabled": true,
  "cradle_top_lid_local_z_m": 0.16,
  "cradle_top_lid_thickness_m": 0.014,
  "cradle_top_lid_x_scale": 1.15,
  "cradle_top_lid_y_scale": 1.1,
  "diagnostic_root_drive": "none",
  "diagnostic_root_drive_active_steps": 0,
  "diagnostic_root_drive_final_commanded_xy_m": [
    0.0,
    0.0
  ],
  "diagnostic_root_drive_speed_mps": 0.0,
  "disable_usd_pelvis_xform": null,
  "error": null,
  "failures": [
    "max_tilt_rad 0.4083981093843208 > 0.35",
    "max_box_tilt_rad 0.5369554664342774 > 0.45",
    "max_abs_robot_target_lateral_error_m 1.081228666607033 > 0.8",
    "max_abs_box_target_lateral_error_m 0.913487396520286 > 0.8",
    "abs(final_robot_target_lateral_error_m) 1.081228666607033 > 0.6",
    "abs(final_box_target_lateral_error_m) 0.913487396520286 > 0.6"
  ],
  "fall_events": 0,
  "final_box_pitch_rad": 0.12147636560658376,
  "final_box_robot_relative_offset_error_m": 0.19302463356545993,
  "final_box_roll_rad": 0.0502493756590089,
  "final_box_target_directed_travel_m": 2.001461312536041,
  "final_box_target_lateral_error_m": 0.913487396520286,
  "final_box_travel_xy_m": 2.2000696828009567,
  "final_pitch_rad": 0.23689246154097157,
  "final_post_grasp_box_z_delta_m": 0.0,
  "final_probe_box_target_directed_travel_m": 0.0,
  "final_probe_box_travel_xy_m": 0.0,
  "final_robot_target_directed_travel_m": 2.089518105620877,
  "final_robot_target_lateral_error_m": 1.081228666607033,
  "final_robot_travel_xy_m": 2.3526881100584243,
  "final_roll_rad": 0.029278444887194405,
  "first_box_drop_step": null,
  "first_box_drop_time_s": null,
  "first_fall_step": null,
  "first_fall_time_s": null,
  "gait_min_amplitude_scale": 0.0,
  "gait_mode": "agile_policy",
  "gait_ramp_down_end_step": -1,
  "gait_ramp_down_start_step": -1,
  "grasp_attach_step": null,
  "grasp_attached": false,
  "grasp_body_box_world_distance_at_attach_m": null,
  "grasp_body_path": "/World/G1/torso_link",
  "grasp_body_wrapper_error": null,
  "grasp_body_wrapper_initialized": false,
  "grasp_lift_offset_z_m": 0.0,
  "grasp_mode": "none",
  "joint_count": 43,
  "joint_state_write_count_setup": 1,
  "joint_state_write_error": null,
  "max_abs_box_pitch_rad": 0.5369554664342774,
  "max_abs_box_roll_rad": 0.3763922597291947,
  "max_abs_box_target_lateral_error_m": 0.913487396520286,
  "max_abs_pitch_rad": 0.4083981093843208,
  "max_abs_robot_target_lateral_error_m": 1.081228666607033,
  "max_abs_roll_rad": 0.3296897224246169,
  "max_agile_root_ang_vel_norm": 13.247681617736816,
  "max_box_robot_relative_offset_error_m": 0.20777781206467624,
  "max_box_target_directed_travel_m": 2.1214096773046998,
  "max_box_tilt_rad": 0.5369554664342774,
  "max_policy_raw_action_norm": 7.306962013244629,
  "max_post_grasp_box_z_delta_m": 0.0,
  "max_probe_box_target_directed_travel_m": 0.0,
  "max_probe_box_travel_xy_m": 0.0,
  "max_robot_target_directed_travel_m": 2.127502702611017,
  "max_tilt_rad": 0.4083981093843208,
  "min_box_z_m": 0.8015822768211365,
  "min_robot_z_m": 0.7317838668823242,
  "policy_inference_count": 240,
  "probe_active_steps": 0,
  "probe_box_moved": false,
  "probe_mode": "none",
  "recovery_active_steps": 0,
  "recovery_ankle_pitch_offset": 0.0,
  "recovery_first_active_step": null,
  "recovery_hip_pitch_offset": 0.0,
  "recovery_knee_offset": 0.0,
  "recovery_pitch_rate_threshold": 999.0,
  "recovery_pitch_threshold": 999.0,
  "recovery_waist_pitch_offset": 0.0,
  "root_pose_write_count_rollout": 0,
  "root_pose_write_count_setup": 1,
  "root_velocity_write_count_rollout": 0,
  "scene_type": "core_world_g1_box_scene",
  "stand_drive_gains_enabled": true,
  "stand_drive_preset": "isaaclab29dof",
  "status": "fail",
  "success_claim": "g1_usd_core_api_scene_diagnostic_not_walking_or_carrying_success",
  "summary": "/public/home/yanhongru/Curiosity/experiments/outputs/core_world_g1_agile_policy_low_cradle/20260707_g1_closefront_mass0525_terminal_prefinal_brake_late_tiny_prefinal_brake_tiny_late_f165/agile_low_cradle_freebox_walk/core_world_g1_box_scene_summary.json",
  "target_window_both_final_hold_first_stable_step": 723,
  "target_window_both_final_hold_longest_streak_steps": 277,
  "target_window_both_final_hold_stable_at_final_step": true,
  "target_window_both_final_hold_stable_steps": 277,
  "target_window_both_final_hold_streak_at_end_steps": 277,
  "target_window_both_final_stand_first_stable_step": null,
  "target_window_both_final_stand_longest_streak_steps": 0,
  "target_window_both_final_stand_stable_at_final_step": false,
  "target_window_both_final_stand_stable_steps": 0,
  "target_window_both_final_stand_streak_at_end_steps": 0,
  "target_window_both_first_stable_step": 723,
  "target_window_both_longest_streak_steps": 277,
  "target_window_both_stable_at_final_step": true,
  "target_window_both_stable_steps": 277,
  "target_window_both_streak_at_end_steps": 277,
  "target_window_box_first_stable_step": 710,
  "target_window_box_longest_streak_steps": 290,
  "target_window_box_stable_steps": 290,
  "target_window_center_m": 2.0,
  "target_window_enabled": true,
  "target_window_halfwidth_m": 0.35,
  "target_window_robot_first_stable_step": 723,
  "target_window_robot_longest_streak_steps": 277,
  "target_window_robot_stable_steps": 277,
  "target_xy_m": [
    -1.2,
    0.0
  ],
  "torso_cradle": "front_tray"
}
[AGILE-SUITE] status file: /public/home/yanhongru/Curiosity/experiments/outputs/core_world_g1_agile_policy_low_cradle/20260707_g1_closefront_mass0525_terminal_prefinal_brake_late_tiny_prefinal_brake_tiny_late_f165/agile_policy_low_cradle_status.tsv
{
  "case_count": 1,
  "cases": [
    {
      "agile_command_hold_adaptive_box_tilt_enabled": true,
      "agile_command_hold_adaptive_last_risk": 0.5583338538997682,
      "agile_command_hold_adaptive_max_observed_scale": 0.3498616654141592,
      "agile_command_hold_adaptive_min_observed_scale": 0.10000966328804786,
      "agile_command_hold_adaptive_scale_enabled": true,
      "agile_command_hold_applied_stand_joint_targets": {},
      "agile_command_hold_final_active_steps": 289,
      "agile_command_hold_final_box_drop_events": 0,
      "agile_command_hold_final_box_target_travel_m": 1.65,
      "agile_command_hold_final_brake_active_steps": 0,
      "agile_command_hold_final_brake_command_x": 0.0,
      "agile_command_hold_final_brake_delay_steps": 0,
      "agile_command_hold_final_brake_first_active_step": null,
      "agile_command_hold_final_brake_last_active_step": null,
      "agile_command_hold_final_brake_max_abs_command_x": 0.0,
      "agile_command_hold_final_brake_steps": 0,
      "agile_command_hold_final_fall_events": 0,
      "agile_command_hold_final_first_box_drop_step": null,
      "agile_command_hold_final_first_fall_step": null,
      "agile_command_hold_final_freeze_active_steps": 0,
      "agile_command_hold_final_freeze_first_active_step": null,
      "agile_command_hold_final_freeze_in_target_window": false,
      "agile_command_hold_final_freeze_latched": false,
      "agile_command_hold_final_freeze_latched_step": null,
      "agile_command_hold_final_last_command_xyz_yaw": [
        0.0,
        0.0,
        0.0
      ],
      "agile_command_hold_final_latch_enabled": true,
      "agile_command_hold_final_latched": true,
      "agile_command_hold_final_latched_step": 711,
      "agile_command_hold_final_lateral_suppressed_steps": 289,
      "agile_command_hold_final_max_abs_command_x": 0.0,
      "agile_command_hold_final_max_abs_command_y": 0.0,
      "agile_command_hold_final_max_abs_command_yaw": 0.0,
      "agile_command_hold_final_max_box_tilt_rad": 0.5369554664342774,
      "agile_command_hold_final_max_tilt_rad": 0.4083981093843208,
      "agile_command_hold_final_min_box_z_m": 0.8015822768211365,
      "agile_command_hold_final_min_robot_z_m": 0.7317838668823242,
      "agile_command_hold_final_scale": 0.0,
      "agile_command_hold_final_stand_active_steps": 0,
      "agile_command_hold_final_stand_box_drop_events": 0,
      "agile_command_hold_final_stand_delay_steps": 0,
      "agile_command_hold_final_stand_enabled": false,
      "agile_command_hold_final_stand_fall_events": 0,
      "agile_command_hold_final_stand_first_active_step": null,
      "agile_command_hold_final_stand_first_box_drop_step": null,
      "agile_command_hold_final_stand_first_fall_step": null,
      "agile_command_hold_final_stand_max_box_tilt_rad": 0.0,
      "agile_command_hold_final_stand_max_tilt_rad": 0.0,
      "agile_command_hold_final_stand_min_box_z_m": null,
      "agile_command_hold_final_stand_min_robot_z_m": null,
      "agile_command_hold_final_tilt_escape_active_steps": 0,
      "agile_command_hold_final_tilt_escape_box_tilt_rad": 999.0,
      "agile_command_hold_final_tilt_escape_first_active_step": null,
      "agile_command_hold_final_tilt_escape_max_scale": 0.0,
      "agile_command_hold_final_tilt_escape_scale": -1.0,
      "agile_command_hold_final_tilt_escape_suppress_after_target_window_streak": -1,
      "agile_command_hold_final_tilt_escape_suppressed_by_target_window_steps": 0,
      "agile_command_hold_final_tilt_escape_tilt_rad": 999.0,
      "agile_command_hold_final_yaw_suppressed_steps": 289,
      "agile_command_hold_final_zero_corrections_enabled": true,
      "agile_command_hold_lateral_error_start_m": 0.0,
      "agile_command_hold_lateral_max_abs_command": 0.035,
      "agile_command_hold_lateral_max_box_tilt_rad": 999.0,
      "agile_command_hold_lateral_max_tilt_rad": 999.0,
      "agile_command_hold_lateral_suppressed_by_tilt_steps": 0,
      "agile_command_hold_lateral_terminal_only": false,
      "agile_command_hold_lateral_use_excess_error": false,
      "agile_command_hold_rescue_override_freeze_active_steps": 0,
      "agile_command_hold_rescue_override_freeze_first_active_step": null,
      "agile_command_hold_rescue_overrides_final_freeze": false,
      "agile_command_hold_stand_override_freeze_active_steps": 0,
      "agile_command_hold_stand_override_freeze_first_active_step": null,
      "agile_command_hold_stand_overrides_final_freeze": false,
      "agile_command_hold_stand_target_overrides": {
        "ankle_pitch": null,
        "ankle_roll": null,
        "hip_pitch": null,
        "hip_roll": null,
        "knee": null,
        "waist_pitch": null
      },
      "agile_command_hold_terminal_latch_enabled": true,
      "agile_command_hold_terminal_latched": true,
      "agile_command_hold_terminal_latched_step": 461,
      "agile_command_stop_target_window_enabled": false,
      "agile_command_stop_target_window_latched_step": null,
      "agile_command_stop_target_window_min_step": -1,
      "approach_support_posture_active_steps": 0,
      "approach_support_posture_ankle_pitch_offset": -0.04,
      "approach_support_posture_blend_rate": 0.02,
      "approach_support_posture_controller_enabled": false,
      "approach_support_posture_disable_on_final_hold": false,
      "approach_support_posture_first_active_step": null,
      "approach_support_posture_hip_pitch_offset": -0.04,
      "approach_support_posture_knee_offset": 0.08,
      "approach_support_posture_last_scale": 0.0,
      "approach_support_posture_max_scale": 0.0,
      "approach_support_posture_travel_full_m": 1.8,
      "approach_support_posture_travel_start_m": 1.2,
      "approach_support_posture_waist_pitch_offset": -0.02,
      "balance_roll_target_from_lateral": false,
      "balance_roll_target_lateral_active_steps": 0,
      "balance_roll_target_lateral_deadband": 0.0,
      "balance_roll_target_lateral_first_active_step": null,
      "balance_roll_target_lateral_gain": 0.0,
      "balance_roll_target_lateral_last_error_m": 0.0,
      "balance_roll_target_lateral_last_target_rad": 0.0,
      "balance_roll_target_lateral_limit": 0.0,
      "balance_roll_target_lateral_max_abs_target_rad": 0.0,
      "balance_roll_target_lateral_max_box_tilt": 999.0,
      "balance_roll_target_lateral_max_tilt": 999.0,
      "balance_roll_target_lateral_ramp_steps": 0,
      "balance_roll_target_lateral_sign": 1.0,
      "balance_roll_target_lateral_source": "robot",
      "balance_roll_target_lateral_start_after_hold_steps": 0,
      "balance_roll_target_lateral_suppressed_by_hold_delay_steps": 0,
      "balance_roll_target_lateral_suppressed_by_tilt_steps": 0,
      "box_drop_events": 0,
      "box_mass_kg": 0.525,
      "box_pose_write_count_rollout": 0,
      "box_retention_active_steps": 0,
      "box_retention_blend_rate": 1.0,
      "box_retention_first_active_step": null,
      "box_retention_last_risk": 0.0,
      "box_retention_max_risk": 0.0,
      "box_retention_posture_controller_enabled": false,
      "box_retention_rel_start_m": 0.1,
      "box_retention_rel_stop_m": 0.28,
      "box_retention_tilt_start_rad": 0.2,
      "box_retention_tilt_stop_rad": 0.55,
      "box_size_m": [
        0.14,
        0.1,
        0.08
      ],
      "case_dir": "/public/home/yanhongru/Curiosity/experiments/outputs/core_world_g1_agile_policy_low_cradle/20260707_g1_closefront_mass0525_terminal_prefinal_brake_late_tiny_prefinal_brake_tiny_late_f165/agile_low_cradle_freebox_walk",
      "check_path": "/public/home/yanhongru/Curiosity/experiments/outputs/core_world_g1_agile_policy_low_cradle/20260707_g1_closefront_mass0525_terminal_prefinal_brake_late_tiny_prefinal_brake_tiny_late_f165/agile_low_cradle_freebox_walk/check.json",
      "check_status": "fail",
      "completed_steps": 1000,
      "cradle_chest_pad_collision_enabled_step": 104,
      "cradle_chest_pad_enabled": true,
      "cradle_final_side_guard_collision_enabled_initial": false,
      "cradle_final_side_guard_collision_enabled_reason": "terminal_hold",
      "cradle_final_side_guard_collision_enabled_step": 461,
      "cradle_final_side_guard_collision_update_count": 1,
      "cradle_final_side_guard_collision_update_error": null,
      "cradle_final_side_guard_dynamic_friction": -1.0,
      "cradle_final_side_guard_enable_on_final_hold": false,
      "cradle_final_side_guard_enable_on_hold": false,
      "cradle_final_side_guard_enable_on_target_window": false,
      "cradle_final_side_guard_enable_on_terminal_hold": true,
      "cradle_final_side_guard_half_spacing_m": 0.12,
      "cradle_final_side_guard_local_pos0_m": [
        -0.19,
        0.0,
        0.1
      ],
      "cradle_final_side_guard_mass_scale": 0.25,
      "cradle_final_side_guard_restitution": 0.0,
      "cradle_final_side_guard_size_m": [
        0.18,
        0.018,
        0.18
      ],
      "cradle_final_side_guard_spawn_error": null,
      "cradle_final_side_guard_spawn_on_trigger": true,
      "cradle_final_side_guard_spawned_step": 461,
      "cradle_final_side_guard_static_friction": -1.0,
      "cradle_final_side_guards_enabled": true,
      "cradle_top_lid_collision_enabled_step": 104,
      "cradle_top_lid_enabled": true,
      "failures": [
        "max_tilt_rad 0.4083981093843208 > 0.35",
        "max_box_tilt_rad 0.5369554664342774 > 0.45",
        "max_abs_robot_target_lateral_error_m 1.081228666607033 > 0.8",
        "max_abs_box_target_lateral_error_m 0.913487396520286 > 0.8",
        "abs(final_robot_target_lateral_error_m) 1.081228666607033 > 0.6",
        "abs(final_box_target_lateral_error_m) 0.913487396520286 > 0.6"
      ],
      "fall_events": 0,
      "final_box_robot_relative_offset_error_m": 0.19302463356545993,
      "final_box_target_directed_travel_m": 2.001461312536041,
      "final_box_target_lateral_error_m": 0.913487396520286,
      "final_robot_target_directed_travel_m": 2.089518105620877,
      "final_robot_target_lateral_error_m": 1.081228666607033,
      "first_box_drop_step": null,
      "first_box_drop_time_s": null,
      "first_fall_step": null,
      "first_fall_time_s": null,
      "max_abs_box_pitch_rad": 0.5369554664342774,
      "max_abs_box_roll_rad": 0.3763922597291947,
      "max_abs_box_target_lateral_error_m": 0.913487396520286,
      "max_abs_pitch_rad": 0.4083981093843208,
      "max_abs_robot_target_lateral_error_m": 1.081228666607033,
      "max_abs_roll_rad": 0.3296897224246169,
      "max_box_robot_relative_offset_error_m": 0.20777781206467624,
      "max_box_target_directed_travel_m": 2.1214096773046998,
      "max_box_tilt_rad": 0.5369554664342774,
      "max_robot_target_directed_travel_m": 2.127502702611017,
      "max_tilt_rad": 0.4083981093843208,
      "passed": false,
      "rollout_write_count_total": 0,
      "root_pose_write_count_rollout": 0,
      "root_velocity_write_count_rollout": 0,
      "summary_path": "/public/home/yanhongru/Curiosity/experiments/outputs/core_world_g1_agile_policy_low_cradle/20260707_g1_closefront_mass0525_terminal_prefinal_brake_late_tiny_prefinal_brake_tiny_late_f165/agile_low_cradle_freebox_walk/core_world_g1_box_scene_summary.json",
      "target_window_both_final_hold_first_stable_step": 723,
      "target_window_both_final_hold_longest_streak_steps": 277,
      "target_window_both_final_hold_stable_at_final_step": true,
      "target_window_both_final_hold_stable_steps": 277,
      "target_window_both_final_hold_streak_at_end_steps": 277,
      "target_window_both_final_stand_first_stable_step": null,
      "target_window_both_final_stand_longest_streak_steps": 0,
      "target_window_both_final_stand_stable_at_final_step": false,
      "target_window_both_final_stand_stable_steps": 0,
      "target_window_both_final_stand_streak_at_end_steps": 0,
      "target_window_both_first_stable_step": 723,
      "target_window_both_longest_streak_steps": 277,
      "target_window_both_stable_at_final_step": true,
      "target_window_both_stable_steps": 277,
      "target_window_both_streak_at_end_steps": 277,
      "target_window_box_first_stable_step": 710,
      "target_window_box_longest_streak_steps": 290,
      "target_window_box_stable_steps": 290,
      "target_window_center_m": 2.0,
      "target_window_enabled": true,
      "target_window_halfwidth_m": 0.35,
      "target_window_robot_first_stable_step": 723,
      "target_window_robot_longest_streak_steps": 277,
      "target_window_robot_stable_steps": 277
    }
  ],
  "failed_case_count": 1,
  "passed_case_count": 0,
  "scene_type": "core_world_g1_largerbox_strict_summary",
  "status": "fail",
  "success_claim": "diagnostic_summary_only_not_final_carrying_success"
}
{
  "case_count": 1,
  "cases": [
    {
      "agile_command_hold_adaptive_box_tilt_enabled": true,
      "agile_command_hold_adaptive_last_risk": 0.5583338538997682,
      "agile_command_hold_adaptive_max_observed_scale": 0.3498616654141592,
      "agile_command_hold_adaptive_min_observed_scale": 0.10000966328804786,
      "agile_command_hold_adaptive_scale_enabled": true,
      "agile_command_hold_applied_stand_joint_targets": {},
      "agile_command_hold_final_active_steps": 289,
      "agile_command_hold_final_box_drop_events": 0,
      "agile_command_hold_final_box_target_travel_m": 1.65,
      "agile_command_hold_final_brake_active_steps": 0,
      "agile_command_hold_final_brake_command_x": 0.0,
      "agile_command_hold_final_brake_delay_steps": 0,
      "agile_command_hold_final_brake_first_active_step": null,
      "agile_command_hold_final_brake_last_active_step": null,
      "agile_command_hold_final_brake_max_abs_command_x": 0.0,
      "agile_command_hold_final_brake_steps": 0,
      "agile_command_hold_final_fall_events": 0,
      "agile_command_hold_final_first_box_drop_step": null,
      "agile_command_hold_final_first_fall_step": null,
      "agile_command_hold_final_freeze_active_steps": 0,
      "agile_command_hold_final_freeze_first_active_step": null,
      "agile_command_hold_final_freeze_in_target_window": false,
      "agile_command_hold_final_freeze_latched": false,
      "agile_command_hold_final_freeze_latched_step": null,
      "agile_command_hold_final_last_command_xyz_yaw": [
        0.0,
        0.0,
        0.0
      ],
      "agile_command_hold_final_latch_enabled": true,
      "agile_command_hold_final_latched": true,
      "agile_command_hold_final_latched_step": 711,
      "agile_command_hold_final_lateral_suppressed_steps": 289,
      "agile_command_hold_final_max_abs_command_x": 0.0,
      "agile_command_hold_final_max_abs_command_y": 0.0,
      "agile_command_hold_final_max_abs_command_yaw": 0.0,
      "agile_command_hold_final_max_box_tilt_rad": 0.5369554664342774,
      "agile_command_hold_final_max_tilt_rad": 0.4083981093843208,
      "agile_command_hold_final_min_box_z_m": 0.8015822768211365,
      "agile_command_hold_final_min_robot_z_m": 0.7317838668823242,
      "agile_command_hold_final_scale": 0.0,
      "agile_command_hold_final_stand_active_steps": 0,
      "agile_command_hold_final_stand_box_drop_events": 0,
      "agile_command_hold_final_stand_delay_steps": 0,
      "agile_command_hold_final_stand_enabled": false,
      "agile_command_hold_final_stand_fall_events": 0,
      "agile_command_hold_final_stand_first_active_step": null,
      "agile_command_hold_final_stand_first_box_drop_step": null,
      "agile_command_hold_final_stand_first_fall_step": null,
      "agile_command_hold_final_stand_max_box_tilt_rad": 0.0,
      "agile_command_hold_final_stand_max_tilt_rad": 0.0,
      "agile_command_hold_final_stand_min_box_z_m": null,
      "agile_command_hold_final_stand_min_robot_z_m": null,
      "agile_command_hold_final_tilt_escape_active_steps": 0,
      "agile_command_hold_final_tilt_escape_box_tilt_rad": 999.0,
      "agile_command_hold_final_tilt_escape_first_active_step": null,
      "agile_command_hold_final_tilt_escape_max_scale": 0.0,
      "agile_command_hold_final_tilt_escape_scale": -1.0,
      "agile_command_hold_final_tilt_escape_suppress_after_target_window_streak": -1,
      "agile_command_hold_final_tilt_escape_suppressed_by_target_window_steps": 0,
      "agile_command_hold_final_tilt_escape_tilt_rad": 999.0,
      "agile_command_hold_final_yaw_suppressed_steps": 289,
      "agile_command_hold_final_zero_corrections_enabled": true,
      "agile_command_hold_lateral_error_start_m": 0.0,
      "agile_command_hold_lateral_max_abs_command": 0.035,
      "agile_command_hold_lateral_max_box_tilt_rad": 999.0,
      "agile_command_hold_lateral_max_tilt_rad": 999.0,
      "agile_command_hold_lateral_suppressed_by_tilt_steps": 0,
      "agile_command_hold_lateral_terminal_only": false,
      "agile_command_hold_lateral_use_excess_error": false,
      "agile_command_hold_rescue_override_freeze_active_steps": 0,
      "agile_command_hold_rescue_override_freeze_first_active_step": null,
      "agile_command_hold_rescue_overrides_final_freeze": false,
      "agile_command_hold_stand_override_freeze_active_steps": 0,
      "agile_command_hold_stand_override_freeze_first_active_step": null,
      "agile_command_hold_stand_overrides_final_freeze": false,
      "agile_command_hold_stand_target_overrides": {
        "ankle_pitch": null,
        "ankle_roll": null,
        "hip_pitch": null,
        "hip_roll": null,
        "knee": null,
        "waist_pitch": null
      },
      "agile_command_hold_terminal_latch_enabled": true,
      "agile_command_hold_terminal_latched": true,
      "agile_command_hold_terminal_latched_step": 461,
      "agile_command_stop_target_window_enabled": false,
      "agile_command_stop_target_window_latched_step": null,
      "agile_command_stop_target_window_min_step": -1,
      "approach_support_posture_active_steps": 0,
      "approach_support_posture_ankle_pitch_offset": -0.04,
      "approach_support_posture_blend_rate": 0.02,
      "approach_support_posture_controller_enabled": false,
      "approach_support_posture_disable_on_final_hold": false,
      "approach_support_posture_first_active_step": null,
      "approach_support_posture_hip_pitch_offset": -0.04,
      "approach_support_posture_knee_offset": 0.08,
      "approach_support_posture_last_scale": 0.0,
      "approach_support_posture_max_scale": 0.0,
      "approach_support_posture_travel_full_m": 1.8,
      "approach_support_posture_travel_start_m": 1.2,
      "approach_support_posture_waist_pitch_offset": -0.02,
      "balance_roll_target_from_lateral": false,
      "balance_roll_target_lateral_active_steps": 0,
      "balance_roll_target_lateral_deadband": 0.0,
      "balance_roll_target_lateral_first_active_step": null,
      "balance_roll_target_lateral_gain": 0.0,
      "balance_roll_target_lateral_last_error_m": 0.0,
      "balance_roll_target_lateral_last_target_rad": 0.0,
      "balance_roll_target_lateral_limit": 0.0,
      "balance_roll_target_lateral_max_abs_target_rad": 0.0,
      "balance_roll_target_lateral_max_box_tilt": 999.0,
      "balance_roll_target_lateral_max_tilt": 999.0,
      "balance_roll_target_lateral_ramp_steps": 0,
      "balance_roll_target_lateral_sign": 1.0,
      "balance_roll_target_lateral_source": "robot",
      "balance_roll_target_lateral_start_after_hold_steps": 0,
      "balance_roll_target_lateral_suppressed_by_hold_delay_steps": 0,
      "balance_roll_target_lateral_suppressed_by_tilt_steps": 0,
      "box_drop_events": 0,
      "box_mass_kg": 0.525,
      "box_pose_write_count_rollout": 0,
      "box_retention_active_steps": 0,
      "box_retention_blend_rate": 1.0,
      "box_retention_first_active_step": null,
      "box_retention_last_risk": 0.0,
      "box_retention_max_risk": 0.0,
      "box_retention_posture_controller_enabled": false,
      "box_retention_rel_start_m": 0.1,
      "box_retention_rel_stop_m": 0.28,
      "box_retention_tilt_start_rad": 0.2,
      "box_retention_tilt_stop_rad": 0.55,
      "box_size_m": [
        0.14,
        0.1,
        0.08
      ],
      "case_dir": "/public/home/yanhongru/Curiosity/experiments/outputs/core_world_g1_agile_policy_low_cradle/20260707_g1_closefront_mass0525_terminal_prefinal_brake_late_tiny_prefinal_brake_tiny_late_f165/agile_low_cradle_freebox_walk",
      "check_path": "/public/home/yanhongru/Curiosity/experiments/outputs/core_world_g1_agile_policy_low_cradle/20260707_g1_closefront_mass0525_terminal_prefinal_brake_late_tiny_prefinal_brake_tiny_late_f165/agile_low_cradle_freebox_walk/check.json",
      "check_status": "fail",
      "completed_steps": 1000,
      "cradle_chest_pad_collision_enabled_step": 104,
      "cradle_chest_pad_enabled": true,
      "cradle_final_side_guard_collision_enabled_initial": false,
      "cradle_final_side_guard_collision_enabled_reason": "terminal_hold",
      "cradle_final_side_guard_collision_enabled_step": 461,
      "cradle_final_side_guard_collision_update_count": 1,
      "cradle_final_side_guard_collision_update_error": null,
      "cradle_final_side_guard_dynamic_friction": -1.0,
      "cradle_final_side_guard_enable_on_final_hold": false,
      "cradle_final_side_guard_enable_on_hold": false,
      "cradle_final_side_guard_enable_on_target_window": false,
      "cradle_final_side_guard_enable_on_terminal_hold": true,
      "cradle_final_side_guard_half_spacing_m": 0.12,
      "cradle_final_side_guard_local_pos0_m": [
        -0.19,
        0.0,
        0.1
      ],
      "cradle_final_side_guard_mass_scale": 0.25,
      "cradle_final_side_guard_restitution": 0.0,
      "cradle_final_side_guard_size_m": [
        0.18,
        0.018,
        0.18
      ],
      "cradle_final_side_guard_spawn_error": null,
      "cradle_final_side_guard_spawn_on_trigger": true,
      "cradle_final_side_guard_spawned_step": 461,
      "cradle_final_side_guard_static_friction": -1.0,
      "cradle_final_side_guards_enabled": true,
      "cradle_top_lid_collision_enabled_step": 104,
      "cradle_top_lid_enabled": true,
      "failures": [
        "max_tilt_rad 0.4083981093843208 > 0.35",
        "max_box_tilt_rad 0.5369554664342774 > 0.45",
        "max_abs_robot_target_lateral_error_m 1.081228666607033 > 0.8",
        "max_abs_box_target_lateral_error_m 0.913487396520286 > 0.8",
        "abs(final_robot_target_lateral_error_m) 1.081228666607033 > 0.6",
        "abs(final_box_target_lateral_error_m) 0.913487396520286 > 0.6"
      ],
      "fall_events": 0,
      "final_box_robot_relative_offset_error_m": 0.19302463356545993,
      "final_box_target_directed_travel_m": 2.001461312536041,
      "final_box_target_lateral_error_m": 0.913487396520286,
      "final_robot_target_directed_travel_m": 2.089518105620877,
      "final_robot_target_lateral_error_m": 1.081228666607033,
      "first_box_drop_step": null,
      "first_box_drop_time_s": null,
      "first_fall_step": null,
      "first_fall_time_s": null,
      "max_abs_box_pitch_rad": 0.5369554664342774,
      "max_abs_box_roll_rad": 0.3763922597291947,
      "max_abs_box_target_lateral_error_m": 0.913487396520286,
      "max_abs_pitch_rad": 0.4083981093843208,
      "max_abs_robot_target_lateral_error_m": 1.081228666607033,
      "max_abs_roll_rad": 0.3296897224246169,
      "max_box_robot_relative_offset_error_m": 0.20777781206467624,
      "max_box_target_directed_travel_m": 2.1214096773046998,
      "max_box_tilt_rad": 0.5369554664342774,
      "max_robot_target_directed_travel_m": 2.127502702611017,
      "max_tilt_rad": 0.4083981093843208,
      "passed": false,
      "rollout_write_count_total": 0,
      "root_pose_write_count_rollout": 0,
      "root_velocity_write_count_rollout": 0,
      "summary_path": "/public/home/yanhongru/Curiosity/experiments/outputs/core_world_g1_agile_policy_low_cradle/20260707_g1_closefront_mass0525_terminal_prefinal_brake_late_tiny_prefinal_brake_tiny_late_f165/agile_low_cradle_freebox_walk/core_world_g1_box_scene_summary.json",
      "target_window_both_final_hold_first_stable_step": 723,
      "target_window_both_final_hold_longest_streak_steps": 277,
      "target_window_both_final_hold_stable_at_final_step": true,
      "target_window_both_final_hold_stable_steps": 277,
      "target_window_both_final_hold_streak_at_end_steps": 277,
      "target_window_both_final_stand_first_stable_step": null,
      "target_window_both_final_stand_longest_streak_steps": 0,
      "target_window_both_final_stand_stable_at_final_step": false,
      "target_window_both_final_stand_stable_steps": 0,
      "target_window_both_final_stand_streak_at_end_steps": 0,
      "target_window_both_first_stable_step": 723,
      "target_window_both_longest_streak_steps": 277,
      "target_window_both_stable_at_final_step": true,
      "target_window_both_stable_steps": 277,
      "target_window_both_streak_at_end_steps": 277,
      "target_window_box_first_stable_step": 710,
      "target_window_box_longest_streak_steps": 290,
      "target_window_box_stable_steps": 290,
      "target_window_center_m": 2.0,
      "target_window_enabled": true,
      "target_window_halfwidth_m": 0.35,
      "target_window_robot_first_stable_step": 723,
      "target_window_robot_longest_streak_steps": 277,
      "target_window_robot_stable_steps": 277
    }
  ],
  "failed_case_count": 1,
  "passed_case_count": 0,
  "scene_type": "core_world_g1_largerbox_strict_summary",
  "status": "fail",
  "success_claim": "diagnostic_summary_only_not_final_carrying_success"
}
Tue Jul  7 22:43:06 CST 2026
srun: error: server02: task 0: Exited with exit code 1
srun: launch/slurm: _step_signal: Terminating StepId=170601.0
